// Jest Snapshot v1, https://goo.gl/fbAQLP

exports[`<Header /> matches snapshot 1`] = `
<header
  className="header"
>
  <nav>
    <a
      href="/"
      onClick={[Function]}
    >
      <span>
        <h3
          className="brand"
        >
          Collective
        </h3>
        <small>
          2.5.1
        </small>
      </span>
    </a>
  </nav>
</header>
`;
